/home/kiet/STM32CubeIDE/workspace_1.18.1/STM32_TFT_Display_F407/Drivers/lvgl/src/misc/lv_anim.h:158:20:lv_anim_set_delay	16	static
/home/kiet/STM32CubeIDE/workspace_1.18.1/STM32_TFT_Display_F407/Drivers/lvgl/src/misc/lv_anim.h:169:20:lv_anim_set_values	24	static
/home/kiet/STM32CubeIDE/workspace_1.18.1/STM32_TFT_Display_F407/Drivers/lvgl/src/misc/lv_anim.h:185:20:lv_anim_set_custom_exec_cb	16	static
/home/kiet/STM32CubeIDE/workspace_1.18.1/STM32_TFT_Display_F407/Drivers/lvgl/src/misc/lv_anim.h:196:20:lv_anim_set_path_cb	16	static
/home/kiet/STM32CubeIDE/workspace_1.18.1/STM32_TFT_Display_F407/Drivers/lvgl/src/misc/lv_anim.h:237:20:lv_anim_set_deleted_cb	16	static
/home/kiet/STM32CubeIDE/workspace_1.18.1/STM32_TFT_Display_F407/Drivers/lvgl/src/misc/lv_anim.h:247:20:lv_anim_set_playback_time	16	static
/home/kiet/STM32CubeIDE/workspace_1.18.1/STM32_TFT_Display_F407/Drivers/lvgl/src/misc/lv_anim.h:257:20:lv_anim_set_playback_delay	16	static
/home/kiet/STM32CubeIDE/workspace_1.18.1/STM32_TFT_Display_F407/Drivers/lvgl/src/misc/lv_anim.h:267:20:lv_anim_set_repeat_count	16	static
/home/kiet/STM32CubeIDE/workspace_1.18.1/STM32_TFT_Display_F407/Drivers/lvgl/src/misc/lv_anim.h:277:20:lv_anim_set_repeat_delay	16	static
/home/kiet/STM32CubeIDE/workspace_1.18.1/STM32_TFT_Display_F407/Drivers/lvgl/src/misc/lv_anim.h:288:20:lv_anim_set_early_apply	16	static
/home/kiet/STM32CubeIDE/workspace_1.18.1/STM32_TFT_Display_F407/Drivers/lvgl/src/misc/lv_anim.h:299:20:lv_anim_set_user_data	16	static
../Drivers/UI/ui.c:43:6:Indicatorrotation_Animation	88	static
../Drivers/UI/ui.c:69:6:ui_init	32	static
