../Core/Src/ILI9486.c:30:6:Driver_Delay_ms	16	static
../Core/Src/ILI9486.c:36:6:Driver_Delay_us	24	static
../Core/Src/ILI9486.c:42:13:LCD_Reset	8	static
../Core/Src/ILI9486.c:52:13:LCD_SetBackLight	16	static
../Core/Src/ILI9486.c:61:6:LCD_WriteReg	16	static
../Core/Src/ILI9486.c:70:6:LCD_WriteData	16	static
../Core/Src/ILI9486.c:85:13:LCD_Write_AllData	24	static
../Core/Src/ILI9486.c:110:13:LCD_InitReg	8	static
../Core/Src/ILI9486.c:223:6:LCD_SetGramScanWay	24	static
../Core/Src/ILI9486.c:289:6:LCD_Init	16	static
../Core/Src/ILI9486.c:321:6:LCD_SetWindow	24	static
../Core/Src/ILI9486.c:345:6:LCD_SetCursor	16	static
../Core/Src/ILI9486.c:356:6:LCD_SetColor	16	static
../Core/Src/ILI9486.c:368:6:LCD_SetPointlColor	16	static
../Core/Src/ILI9486.c:385:6:LCD_SetArealColor	24	static
../Core/Src/ILI9486.c:393:6:LCD_Clear	24	static
../Core/Src/ILI9486.c:400:6:GUI_Swop	24	static
../Core/Src/ILI9486.c:411:6:GUI_Clear	16	static
../Core/Src/ILI9486.c:424:6:GUI_DrawPoint	32	static
../Core/Src/ILI9486.c:463:6:GUI_DrawLine	64	static
../Core/Src/ILI9486.c:523:6:GUI_DrawRectangle	40	static
../Core/Src/ILI9486.c:564:6:GUI_DrawCircle	40	static
../Core/Src/ILI9486.c:633:6:GUI_DisChar	48	static
../Core/Src/ILI9486.c:679:6:GUI_DisString_EN	40	static
../Core/Src/ILI9486.c:723:6:GUI_DisNum	560	static
../Core/Src/ILI9486.c:767:6:GUI_Disbitmap	40	static
../Core/Src/ILI9486.c:792:6:GUI_DisGrayMap	40	static
../Core/Src/ILI9486.c:816:8:GUI_GetFontSize	24	static
../Core/Src/ILI9486.c:850:6:GUI_Showtime	56	static
../Core/Src/ILI9486.c:912:6:GUI_Show	80	static
