/home/kiet/STM32CubeIDE/workspace_1.18.1/STM32_TFT_Display_F407/Drivers/lvgl/src/misc/lv_anim.h:148:20:lv_anim_set_time	16	static
/home/kiet/STM32CubeIDE/workspace_1.18.1/STM32_TFT_Display_F407/Drivers/lvgl/src/misc/lv_anim.h:158:20:lv_anim_set_delay	16	static
/home/kiet/STM32CubeIDE/workspace_1.18.1/STM32_TFT_Display_F407/Drivers/lvgl/src/misc/lv_anim.h:169:20:lv_anim_set_values	24	static
/home/kiet/STM32CubeIDE/workspace_1.18.1/STM32_TFT_Display_F407/Drivers/lvgl/src/misc/lv_anim.h:185:20:lv_anim_set_custom_exec_cb	16	static
/home/kiet/STM32CubeIDE/workspace_1.18.1/STM32_TFT_Display_F407/Drivers/lvgl/src/misc/lv_anim.h:196:20:lv_anim_set_path_cb	16	static
/home/kiet/STM32CubeIDE/workspace_1.18.1/STM32_TFT_Display_F407/Drivers/lvgl/src/misc/lv_anim.h:237:20:lv_anim_set_deleted_cb	16	static
/home/kiet/STM32CubeIDE/workspace_1.18.1/STM32_TFT_Display_F407/Drivers/lvgl/src/misc/lv_anim.h:247:20:lv_anim_set_playback_time	16	static
/home/kiet/STM32CubeIDE/workspace_1.18.1/STM32_TFT_Display_F407/Drivers/lvgl/src/misc/lv_anim.h:257:20:lv_anim_set_playback_delay	16	static
/home/kiet/STM32CubeIDE/workspace_1.18.1/STM32_TFT_Display_F407/Drivers/lvgl/src/misc/lv_anim.h:267:20:lv_anim_set_repeat_count	16	static
/home/kiet/STM32CubeIDE/workspace_1.18.1/STM32_TFT_Display_F407/Drivers/lvgl/src/misc/lv_anim.h:277:20:lv_anim_set_repeat_delay	16	static
/home/kiet/STM32CubeIDE/workspace_1.18.1/STM32_TFT_Display_F407/Drivers/lvgl/src/misc/lv_anim.h:288:20:lv_anim_set_early_apply	16	static
/home/kiet/STM32CubeIDE/workspace_1.18.1/STM32_TFT_Display_F407/Drivers/lvgl/src/misc/lv_anim.h:299:20:lv_anim_set_user_data	16	static
../Core/Src/main.c:89:6:update_speed_display	32	static
../Core/Src/main.c:99:6:update_speed_indicator_arrow	32	static
../Core/Src/main.c:146:6:HAL_SPI_TxCpltCallback	24	static
../Core/Src/main.c:157:6:toggle_indicator	16	static
../Core/Src/main.c:169:6:HAL_CAN_RxFifo1MsgPendingCallback	16	static
../Core/Src/main.c:178:5:main	8	static
../Core/Src/main.c:305:6:SystemClock_Config	88	static
../Core/Src/main.c:351:13:MX_CAN1_Init	8	static
../Core/Src/main.c:388:13:MX_RTC_Init	32	static
../Core/Src/main.c:451:13:MX_SPI1_Init	8	static
../Core/Src/main.c:487:13:MX_DMA_Init	16	static
../Core/Src/main.c:505:13:MX_GPIO_Init	48	static
../Core/Src/main.c:541:6:Error_Handler	4	static,ignoring_inline_asm
